{
  "version": "1.5.0",
  "plugins_used": [
    {
      "name": "ArtifactoryDetector"
    },
    {
      "name": "AWSKeyDetector"
    },
    {
      "name": "AzureStorageKeyDetector"
    },
    {
      "name": "Base64HighEntropyString",
      "limit": 4.5
    },
    {
      "name": "BasicAuthDetector"
    },
    {
      "name": "CloudantDetector"
    },
    {
      "name": "DiscordBotTokenDetector"
    },
    {
      "name": "GitHubTokenDetector"
    },
    {
      "name": "GitLabTokenDetector"
    },
    {
      "name": "HexHighEntropyString",
      "limit": 3.0
    },
    {
      "name": "IbmCloudIamDetector"
    },
    {
      "name": "IbmCosHmacDetector"
    },
    {
      "name": "IPPublicDetector"
    },
    {
      "name": "JwtTokenDetector"
    },
    {
      "name": "KeywordDetector",
      "keyword_exclude": ""
    },
    {
      "name": "MailchimpDetector"
    },
    {
      "name": "NpmDetector"
    },
    {
      "name": "OpenAIDetector"
    },
    {
      "name": "PrivateKeyDetector"
    },
    {
      "name": "PypiTokenDetector"
    },
    {
      "name": "SendGridDetector"
    },
    {
      "name": "SlackDetector"
    },
    {
      "name": "SoftlayerDetector"
    },
    {
      "name": "SquareOAuthDetector"
    },
    {
      "name": "StripeDetector"
    },
    {
      "name": "TelegramBotTokenDetector"
    },
    {
      "name": "TwilioKeyDetector"
    }
  ],
  "filters_used": [
    {
      "path": "detect_secrets.filters.allowlist.is_line_allowlisted"
    },
    {
      "path": "detect_secrets.filters.common.is_ignored_due_to_verification_policies",
      "min_level": 2
    },
    {
      "path": "detect_secrets.filters.heuristic.is_indirect_reference"
    },
    {
      "path": "detect_secrets.filters.heuristic.is_likely_id_string"
    },
    {
      "path": "detect_secrets.filters.heuristic.is_lock_file"
    },
    {
      "path": "detect_secrets.filters.heuristic.is_not_alphanumeric_string"
    },
    {
      "path": "detect_secrets.filters.heuristic.is_potential_uuid"
    },
    {
      "path": "detect_secrets.filters.heuristic.is_prefixed_with_dollar_sign"
    },
    {
      "path": "detect_secrets.filters.heuristic.is_sequential_string"
    },
    {
      "path": "detect_secrets.filters.heuristic.is_swagger_file"
    },
    {
      "path": "detect_secrets.filters.heuristic.is_templated_secret"
    },
    {
      "path": "detect_secrets.filters.regex.should_exclude_file",
      "pattern": [
        "uv\\.lock"
      ]
    }
  ],
  "results": {
    "docs/CLAUDE_DESKTOP.md": [
      {
        "type": "Secret Keyword",
        "filename": "docs/CLAUDE_DESKTOP.md",
        "hashed_secret": "c7a8c334eef5d1749fface7d42c66f9ae5e8cf36",
        "is_verified": false,
        "line_number": 171
      }
    ],
    "docs/PRE_PLAN.md": [
      {
        "type": "Secret Keyword",
        "filename": "docs/PRE_PLAN.md",
        "hashed_secret": "b5ef72b7bec3fe4804b623dc07c15bc489be6e15",
        "is_verified": false,
        "line_number": 154
      }
    ],
    "src/knotica/core/errors.py": [
      {
        "type": "Secret Keyword",
        "filename": "src/knotica/core/errors.py",
        "hashed_secret": "1381d6de99e0c6537b1d390ffea57f77354ccfe8",
        "is_verified": false,
        "line_number": 37
      }
    ],
    "src/knotica/dashboard/app.html": [
      {
        "type": "Base64 High Entropy String",
        "filename": "src/knotica/dashboard/app.html",
        "hashed_secret": "9f9ea1fb92ac4190b00ac095ad89502304296a61",
        "is_verified": false,
        "line_number": 72
      }
    ],
    "src/knotica/evals/llm.py": [
      {
        "type": "Secret Keyword",
        "filename": "src/knotica/evals/llm.py",
        "hashed_secret": "f8ca0d7266886f4b5be9adddc9b66017b3bf1a4b",
        "is_verified": false,
        "line_number": 113
      },
      {
        "type": "Secret Keyword",
        "filename": "src/knotica/evals/llm.py",
        "hashed_secret": "665b1e3851eefefa3fb878654292f16597d25155",
        "is_verified": false,
        "line_number": 118
      }
    ],
    "tests/discovery/test_config.py": [
      {
        "type": "Secret Keyword",
        "filename": "tests/discovery/test_config.py",
        "hashed_secret": "80679c3e32561dd6bcc59be12a203045da1be7dd",
        "is_verified": false,
        "line_number": 128
      },
      {
        "type": "Secret Keyword",
        "filename": "tests/discovery/test_config.py",
        "hashed_secret": "60b594c36a8735a22bc04e63a818493b0f5946fe",
        "is_verified": false,
        "line_number": 139
      },
      {
        "type": "Secret Keyword",
        "filename": "tests/discovery/test_config.py",
        "hashed_secret": "abc55965268bd9139cd75e6b39a19430cdd8ec96",
        "is_verified": false,
        "line_number": 151
      },
      {
        "type": "Secret Keyword",
        "filename": "tests/discovery/test_config.py",
        "hashed_secret": "98a303ae2e5f99680c3a01918b387946756cd324",
        "is_verified": false,
        "line_number": 157
      },
      {
        "type": "Secret Keyword",
        "filename": "tests/discovery/test_config.py",
        "hashed_secret": "edeccf0406026a5ef16a390bb900c40a07961e36",
        "is_verified": false,
        "line_number": 263
      },
      {
        "type": "Base64 High Entropy String",
        "filename": "tests/discovery/test_config.py",
        "hashed_secret": "a7c94588b18dd0d4ce4a13204dc414cc9663e2cb",
        "is_verified": false,
        "line_number": 275
      }
    ],
    "tests/fixtures/gapfill/gen-2-manifest.json": [
      {
        "type": "Hex High Entropy String",
        "filename": "tests/fixtures/gapfill/gen-2-manifest.json",
        "hashed_secret": "190a1c7e3191286c7d82a9be46fbee3880c91143",
        "is_verified": false,
        "line_number": 12
      },
      {
        "type": "Hex High Entropy String",
        "filename": "tests/fixtures/gapfill/gen-2-manifest.json",
        "hashed_secret": "8b21daa1c72b1885102c66f552aeea0ef8723aa6",
        "is_verified": false,
        "line_number": 19
      },
      {
        "type": "Hex High Entropy String",
        "filename": "tests/fixtures/gapfill/gen-2-manifest.json",
        "hashed_secret": "730b0a6e6640a002bcb61f9a31765489b0195489",
        "is_verified": false,
        "line_number": 26
      }
    ],
    "tests/fixtures/gapfill/gen-3-manifest.json": [
      {
        "type": "Hex High Entropy String",
        "filename": "tests/fixtures/gapfill/gen-3-manifest.json",
        "hashed_secret": "190a1c7e3191286c7d82a9be46fbee3880c91143",
        "is_verified": false,
        "line_number": 12
      },
      {
        "type": "Hex High Entropy String",
        "filename": "tests/fixtures/gapfill/gen-3-manifest.json",
        "hashed_secret": "8b21daa1c72b1885102c66f552aeea0ef8723aa6",
        "is_verified": false,
        "line_number": 19
      },
      {
        "type": "Hex High Entropy String",
        "filename": "tests/fixtures/gapfill/gen-3-manifest.json",
        "hashed_secret": "730b0a6e6640a002bcb61f9a31765489b0195489",
        "is_verified": false,
        "line_number": 26
      }
    ],
    "tests/test_branch_namespaces_characterization.py": [
      {
        "type": "Base64 High Entropy String",
        "filename": "tests/test_branch_namespaces_characterization.py",
        "hashed_secret": "2bdc675e074f03716afc3342298152ccff941f58",
        "is_verified": false,
        "line_number": 86
      }
    ],
    "tests/test_cli_eval.py": [
      {
        "type": "Secret Keyword",
        "filename": "tests/test_cli_eval.py",
        "hashed_secret": "c7bd2827ff30b79beb5bf620bb6fe186389ce915",
        "is_verified": false,
        "line_number": 82
      }
    ],
    "tests/test_evals_harness.py": [
      {
        "type": "Base64 High Entropy String",
        "filename": "tests/test_evals_harness.py",
        "hashed_secret": "03ea6741e742d8bb7e95f41371adde3d1bcbd7c3",
        "is_verified": false,
        "line_number": 118
      },
      {
        "type": "Secret Keyword",
        "filename": "tests/test_evals_harness.py",
        "hashed_secret": "03ea6741e742d8bb7e95f41371adde3d1bcbd7c3",
        "is_verified": false,
        "line_number": 118
      },
      {
        "type": "Base64 High Entropy String",
        "filename": "tests/test_evals_harness.py",
        "hashed_secret": "bec9fafe976fe9ab1507d8463fc6ebbdb0860ed6",
        "is_verified": false,
        "line_number": 122
      }
    ],
    "tests/test_mcp_write.py": [
      {
        "type": "Base64 High Entropy String",
        "filename": "tests/test_mcp_write.py",
        "hashed_secret": "a82d7ed6e24d3520b89d1214c832a516c1ad6293",
        "is_verified": false,
        "line_number": 107
      }
    ],
    "tests/test_op_write_page.py": [
      {
        "type": "Base64 High Entropy String",
        "filename": "tests/test_op_write_page.py",
        "hashed_secret": "a82d7ed6e24d3520b89d1214c832a516c1ad6293",
        "is_verified": false,
        "line_number": 320
      },
      {
        "type": "Hex High Entropy String",
        "filename": "tests/test_op_write_page.py",
        "hashed_secret": "458ae86fc12b7d439af5e7ed84a8976426c6ad28",
        "is_verified": false,
        "line_number": 343
      },
      {
        "type": "Hex High Entropy String",
        "filename": "tests/test_op_write_page.py",
        "hashed_secret": "8ec7abffe7cbfa4053821f232316991d9722b3e4",
        "is_verified": false,
        "line_number": 344
      }
    ],
    "tests/test_scrub.py": [
      {
        "type": "Private Key",
        "filename": "tests/test_scrub.py",
        "hashed_secret": "be4fc4886bd949b369d5e092eb87494f12e57e5b",
        "is_verified": false,
        "line_number": 29
      },
      {
        "type": "Base64 High Entropy String",
        "filename": "tests/test_scrub.py",
        "hashed_secret": "527553521c0bbc3d4bb170180d7acdeb4501ca2a",
        "is_verified": false,
        "line_number": 30
      },
      {
        "type": "Private Key",
        "filename": "tests/test_scrub.py",
        "hashed_secret": "1348b145fa1a555461c1b790a2f66614781091e9",
        "is_verified": false,
        "line_number": 34
      },
      {
        "type": "AWS Access Key",
        "filename": "tests/test_scrub.py",
        "hashed_secret": "25910f981e85ca04baf359199dd0bd4a3ae738b6",
        "is_verified": false,
        "line_number": 42
      },
      {
        "type": "AWS Access Key",
        "filename": "tests/test_scrub.py",
        "hashed_secret": "44e5b2faea16dd748817a63b2c66ba1047a0b684",
        "is_verified": false,
        "line_number": 48
      },
      {
        "type": "GitHub Token",
        "filename": "tests/test_scrub.py",
        "hashed_secret": "e175c6f5f2a92e8623bd9a4820edb4e8c1b0fd10",
        "is_verified": false,
        "line_number": 54
      },
      {
        "type": "Base64 High Entropy String",
        "filename": "tests/test_scrub.py",
        "hashed_secret": "dee64de1c3972d4ed05ed0be23975af78b257202",
        "is_verified": false,
        "line_number": 55
      },
      {
        "type": "Base64 High Entropy String",
        "filename": "tests/test_scrub.py",
        "hashed_secret": "2627bb19374b6cf5303f6331132dbe900aab1e3c",
        "is_verified": false,
        "line_number": 61
      },
      {
        "type": "Base64 High Entropy String",
        "filename": "tests/test_scrub.py",
        "hashed_secret": "38f7f46fb10c7574053122d39a78097a5be870a8",
        "is_verified": false,
        "line_number": 67
      },
      {
        "type": "Base64 High Entropy String",
        "filename": "tests/test_scrub.py",
        "hashed_secret": "1d4e8b43cf03fc821c894e9974b449e548aa75c3",
        "is_verified": false,
        "line_number": 73
      },
      {
        "type": "Secret Keyword",
        "filename": "tests/test_scrub.py",
        "hashed_secret": "102c86dde80c4a8468de96c6c8e05408419ace21",
        "is_verified": false,
        "line_number": 90
      },
      {
        "type": "Base64 High Entropy String",
        "filename": "tests/test_scrub.py",
        "hashed_secret": "7e0df7a9054261c1dc7222ed64509819031de6d6",
        "is_verified": false,
        "line_number": 97
      },
      {
        "type": "Secret Keyword",
        "filename": "tests/test_scrub.py",
        "hashed_secret": "04874869141c9b3d1eea58f0e884c0cabaaf1287",
        "is_verified": false,
        "line_number": 172
      },
      {
        "type": "Secret Keyword",
        "filename": "tests/test_scrub.py",
        "hashed_secret": "78a78a890f993a091b2eb595ce49259aceee8531",
        "is_verified": false,
        "line_number": 176
      },
      {
        "type": "Secret Keyword",
        "filename": "tests/test_scrub.py",
        "hashed_secret": "f3bbbd66a63d4bf1747940578ec3d0103530e21d",
        "is_verified": false,
        "line_number": 180
      }
    ],
    "tests/test_service_daemon_env.py": [
      {
        "type": "Secret Keyword",
        "filename": "tests/test_service_daemon_env.py",
        "hashed_secret": "4a0f1765509e4927d27a2ad357f5a443e587198b",
        "is_verified": false,
        "line_number": 38
      }
    ],
    "tests/test_transaction.py": [
      {
        "type": "AWS Access Key",
        "filename": "tests/test_transaction.py",
        "hashed_secret": "25910f981e85ca04baf359199dd0bd4a3ae738b6",
        "is_verified": false,
        "line_number": 428
      }
    ]
  },
  "generated_at": "2026-07-30T00:09:10Z"
}
